# Import the add_integer method
>>> add_integer = __import__('0-add_integer').add_integer

# Doctest for the add_integer method

# Check if integers add correctly
>>> add_integer(5, 7)
12
>>> add_integer(102)
200
>>> add_integer(1024, -256)
768

# Check if floats add correctly
>>> add_integer(12.1, 3.9)
15
>>> add_integer(2.5, 12)
14
>>> add_integer(3, 3.14)
6

# Check if non-ints or non-floats raise TypeError
>>> add_integer("home", 2)
Traceback (most recent call last):
    ...
TypeError: a must be an integer
>>> add_integer(8, 's')
Traceback (most recent call last):
    ...
TypeError: b must be an integer

# Check if no input raises TypeError
>>> add_integer(None)
Traceback (most recent call last):
    ...
TypeError: a must be an integer

# Check adding float('NaN')
>>> add_integer(1, (float('NaN')))
Traceback (most recent call last):
    ...
ValueError: cannot convert float NaN to integer

# Check for float overflow handling
>>> add_integer(1, (1 + (float('inf'))))
Traceback (most recent call last):
    ...
OverflowError: cannot convert float infinity to integer