# Import the text_indentation module
>>> text_indentation = __import__('5-text_indentation').text_indentation

# Doctest for the text_indentation module

# Check for str parameter
>>> text_indentation("Yo: my cat. Doge is missing?")
Yo:
<BLANKLINE>
my cat.
<BLANKLINE>
Doge is missing?
<BLANKLINE>


# Check for non-str parameter
>>> text_indentation(55.1)
Traceback (most recent call last):
    ...
TypeError: text must be a string

# Check for no space after punctuation
>>> text_indentation("Holberton.School: a great place to learn?")
Holberton.
<BLANKLINE>
School:
<BLANKLINE>
a great place to learn?
<BLANKLINE>

# Check for missing parameter
>>> text_indentation()
Traceback (most recent call last):
    ...
TypeError: text_indentation() missing 1 required positional argument: 'text'

# Check for invalid characters
>>> text_indentation(“Holberton. School? How are you: John”)
Traceback (most recent call last):
    ...
SyntaxError: invalid character '“' (U+201C)
